Alice Bar:

7, Fix bug C, To Do, High

Jane Doe:

2, Fix bug B, Done, Low
4, Refactor code, To Do, High

John Doe:

1, Implement feature A, In Progress, High
3, Write tests for feature A, In Progress, Medium
5, Deploy to production A and B, To Do, Low
8, Write tests for feature A, In Progress, Low

Peter Foo:

6, Write missing documentation for feature A, Done, Medium

