Deploy to production A and B:

5, Deploy to production A and B, To Do, John Doe, Low

Fix bug B:

2, Fix bug B, Done, Jane Doe, Low

Fix bug C:

7, Fix bug C, To Do, Alice Bar, High

Implement feature A:

1, Implement feature A, In Progress, John Doe, High

Refactor code:

4, Refactor code, To Do, Jane Doe, High

Write missing documentation for feature A:

6, Write missing documentation for feature A, Done, Peter Foo, Medium

Write tests for feature A:

3, Write tests for feature A, In Progress, John Doe, Medium
8, Write tests for feature A, In Progress, John Doe, Low

