Deploy to production A and B:

5, To Do, John Doe, Low

Fix bug B:

2, Done, Jane Doe, Low

Fix bug C:

7, To Do, Alice Bar, High

Implement feature A:

1, In Progress, John Doe, High

Refactor code:

4, To Do, Jane Doe, High

Write missing documentation for feature A:

6, Done, Peter Foo, Medium

Write tests for feature A:

3, In Progress, John Doe, Medium
8, In Progress, John Doe, Low

